Validated source, editorial purpose and 20 single-sentence beats.
Preparing 20 single-sentence clips in bounded batches; no audio playback.
Prepared memes-for-2030-introduction-batch-1
Prepared memes-for-2030-introduction-batch-2
Rendered 20 sentences; measured speech seconds: 118.247625
Hashing local model files for reproducible cache identity...
Synthesize scene-01-line-1, take 1/1 [piper]
Synthesize scene-01-line-2, take 1/1 [piper]
Synthesize scene-01-line-3, take 1/1 [piper]
Synthesize scene-01-line-4, take 1/1 [piper]
Synthesize scene-01-line-5, take 1/1 [piper]
Synthesize scene-02-line-1, take 1/1 [piper]
Synthesize scene-02-line-2, take 1/1 [piper]
Synthesize scene-02-line-3, take 1/1 [piper]
Synthesize scene-02-line-4, take 1/1 [piper]
Synthesize scene-02-line-5, take 1/1 [piper]
Synthesize scene-03-line-1, take 1/1 [piper]
Synthesize scene-03-line-2, take 1/1 [piper]
Synthesize scene-03-line-3, take 1/1 [piper]
Synthesize scene-03-line-4, take 1/1 [piper]
Synthesize scene-03-line-5, take 1/1 [piper]
Synthesize scene-04-line-1, take 1/1 [piper]
Hashing local model files for reproducible cache identity...
Synthesize scene-04-line-2, take 1/1 [piper]
Synthesize scene-04-line-3, take 1/1 [piper]
Synthesize scene-04-line-4, take 1/1 [piper]
Synthesize scene-04-line-5, take 1/1 [piper]
