[
  {
    scene: 1,
    beat: 2,
    timeMs: 59167,
    offsetMs: 1000,
    objects: [ [Object], [Object], [Object] ],
    text: 'A tested calculation uses structured supplier records instead of inventing arithmetic in prose.'
  },
  {
    scene: 1,
    beat: 2,
    timeMs: 60667,
    offsetMs: 2500,
    objects: [ [Object], [Object], [Object] ],
    text: 'A tested calculation uses structured supplier records instead of inventing arithmetic in prose.'
  },
  {
    scene: 1,
    beat: 3,
    timeMs: 68053,
    offsetMs: 2000,
    objects: [ [Object], [Object], [Object] ],
    text: 'The drafting component receives approved results but no authority to send them.'
  },
  {
    scene: 2,
    beat: 1,
    timeMs: 91849,
    offsetMs: 1800,
    objects: [ [Object], [Object] ],
    text: 'That possibility depends on maintenance, changing tasks, verification, and end-to-end performance.'
  },
  {
    scene: 2,
    beat: 2,
    timeMs: 99001,
    offsetMs: 1000,
    objects: [ [Object], [Object] ],
    text: 'A cheaper component is not a saving if the surrounding workflow becomes unreliable.'
  },
  {
    scene: 2,
    beat: 2,
    timeMs: 100601,
    offsetMs: 2600,
    objects: [ [Object], [Object] ],
    text: 'A cheaper component is not a saving if the surrounding workflow becomes unreliable.'
  }
]
