[
  {
    timeMs: 58228,
    offsetMs: 800,
    pieceTransform: 'translate(387.738 353.753) translate(0 0) rotate(0.000) scale(1.01345 1.01345) translate(0 0)',
    renderedText: "Protected bricks and a protected map support reconstruction of the object's contents.",
    viewOpacity: '0'
  },
  {
    timeMs: 59028,
    offsetMs: 1600,
    pieceTransform: 'translate(584.000 365.000) translate(0 0) rotate(0.000) scale(1.00000 1.00000) translate(0 0)',
    renderedText: "Protected bricks and a protected map support reconstruction of the object's contents.",
    viewOpacity: '0'
  },
  {
    timeMs: 59828,
    offsetMs: 2400,
    pieceTransform: 'translate(823.556 365.000) translate(0 0) rotate(0.000) scale(1.00000 1.00000) translate(0 0)',
    renderedText: "Protected bricks and a protected map support reconstruction of the object's contents.",
    viewOpacity: '0'
  },
  {
    timeMs: 61328,
    offsetMs: 3900,
    pieceTransform: 'translate(968.000 365.000) translate(0 0) rotate(0.000) scale(1.00000 1.00000) translate(0 0)',
    renderedText: "Protected bricks and a protected map support reconstruction of the object's contents.",
    viewOpacity: '1'
  }
]
