Validated source, editorial purpose and 20 single-sentence beats.
Preparing 20 single-sentence clips in bounded batches; no audio playback.
Hashing local model files for reproducible cache identity...
Synthesize scene-1-line-1, take 1/1 [piper]
Synthesize scene-1-line-2, take 1/1 [piper]
Synthesize scene-1-line-3, take 1/1 [piper]
Synthesize scene-1-line-4, take 1/1 [piper]
Synthesize scene-1-line-5, take 1/1 [piper]
Synthesize scene-2-line-1, take 1/1 [piper]
Synthesize scene-2-line-2, take 1/1 [piper]
Synthesize scene-2-line-3, take 1/1 [piper]
Synthesize scene-2-line-4, take 1/1 [piper]
Synthesize scene-2-line-5, take 1/1 [piper]
Synthesize scene-3-line-1, take 1/1 [piper]
Synthesize scene-3-line-2, take 1/1 [piper]
Synthesize scene-3-line-3, take 1/1 [piper]
Synthesize scene-3-line-4, take 1/1 [piper]
Synthesize scene-3-line-5, take 1/1 [piper]
Synthesize scene-4-line-1, take 1/1 [piper]
Prepared the-fragmented-future-introduction-batch-1
Hashing local model files for reproducible cache identity...
Synthesize scene-4-line-2, take 1/1 [piper]
Synthesize scene-4-line-3, take 1/1 [piper]
Synthesize scene-4-line-4, take 1/1 [piper]
Synthesize scene-4-line-5, take 1/1 [piper]
Prepared the-fragmented-future-introduction-batch-2
Rendered 20 sentences; measured speech seconds: 117.45816666666667
{"durationMs":153797,"minutes":2.563283333333333,"scenes":4,"shfBytes":1068754}
