Validated source, editorial purpose and 54 single-sentence beats.
Preparing 54 single-sentence clips in bounded batches; no audio playback.
Hashing local model files for reproducible cache identity...
Synthesize scene-01-line-1, take 1/1 [piper]
Synthesize scene-01-line-2, take 1/1 [piper]
Synthesize scene-01-line-3, take 1/1 [piper]
Synthesize scene-01-line-4, take 1/1 [piper]
Synthesize scene-01-line-5, take 1/1 [piper]
Synthesize scene-01-line-6, take 1/1 [piper]
Synthesize scene-02-line-1, take 1/1 [piper]
Synthesize scene-02-line-2, take 1/1 [piper]
Synthesize scene-02-line-3, take 1/1 [piper]
Synthesize scene-02-line-4, take 1/1 [piper]
Synthesize scene-02-line-5, take 1/1 [piper]
Synthesize scene-02-line-6, take 1/1 [piper]
Synthesize scene-03-line-1, take 1/1 [piper]
Synthesize scene-03-line-2, take 1/1 [piper]
Synthesize scene-03-line-3, take 1/1 [piper]
Synthesize scene-03-line-4, take 1/1 [piper]
Prepared coherence-pressure-introduction-batch-1
Hashing local model files for reproducible cache identity...
Synthesize scene-03-line-5, take 1/1 [piper]
Synthesize scene-03-line-6, take 1/1 [piper]
Synthesize scene-04-line-1, take 1/1 [piper]
Synthesize scene-04-line-2, take 1/1 [piper]
Synthesize scene-04-line-3, take 1/1 [piper]
Synthesize scene-04-line-4, take 1/1 [piper]
Synthesize scene-04-line-5, take 1/1 [piper]
Synthesize scene-04-line-6, take 1/1 [piper]
Synthesize scene-05-line-1, take 1/1 [piper]
Synthesize scene-05-line-2, take 1/1 [piper]
Synthesize scene-05-line-3, take 1/1 [piper]
Synthesize scene-05-line-4, take 1/1 [piper]
Synthesize scene-05-line-5, take 1/1 [piper]
Synthesize scene-05-line-6, take 1/1 [piper]
Synthesize scene-06-line-1, take 1/1 [piper]
Synthesize scene-06-line-2, take 1/1 [piper]
Prepared coherence-pressure-introduction-batch-2
Hashing local model files for reproducible cache identity...
Synthesize scene-06-line-3, take 1/1 [piper]
Synthesize scene-06-line-4, take 1/1 [piper]
Synthesize scene-06-line-5, take 1/1 [piper]
Synthesize scene-06-line-6, take 1/1 [piper]
Synthesize scene-07-line-1, take 1/1 [piper]
Synthesize scene-07-line-2, take 1/1 [piper]
Synthesize scene-07-line-3, take 1/1 [piper]
Synthesize scene-07-line-4, take 1/1 [piper]
Synthesize scene-07-line-5, take 1/1 [piper]
Synthesize scene-07-line-6, take 1/1 [piper]
Synthesize scene-08-line-1, take 1/1 [piper]
Synthesize scene-08-line-2, take 1/1 [piper]
Synthesize scene-08-line-3, take 1/1 [piper]
Synthesize scene-08-line-4, take 1/1 [piper]
Synthesize scene-08-line-5, take 1/1 [piper]
Synthesize scene-08-line-6, take 1/1 [piper]
Prepared coherence-pressure-introduction-batch-3
Hashing local model files for reproducible cache identity...
Synthesize scene-09-line-1, take 1/1 [piper]
Synthesize scene-09-line-2, take 1/1 [piper]
Synthesize scene-09-line-3, take 1/1 [piper]
Synthesize scene-09-line-4, take 1/1 [piper]
Synthesize scene-09-line-5, take 1/1 [piper]
Synthesize scene-09-line-6, take 1/1 [piper]
Prepared coherence-pressure-introduction-batch-4
Rendered 54 sentences; measured speech seconds: 295.00962499999997
